[www.naviri.co.id/index.html]
[backblue.gif]
[fade.gif]
[index.html]
[naviri.co.id/public/uploads/favicon.png]
[naviri.co.id/public/css/animate.min.css]
[naviri.co.id/public/css/bootstrap.min.css]
[naviri.co.id/public/css/datepicker3.css]
[naviri.co.id/public/css/font-awesome.min.css]
[naviri.co.id/public/css/lightbox.min.css]
[naviri.co.id/public/css/owl.carousel.min.css]
[naviri.co.id/public/css/hover-min.css]
[naviri.co.id/public/css/meanmenu.css]
[naviri.co.id/public/css/spacing.css]
[naviri.co.id/public/css/style.css]
[naviri.co.id/public/css/responsive.css]
[naviri.co.id/public/css/venobox.css]
[naviri.co.id/public/vendor/assets/css/style.css]
[naviri.co.id/public/vendor/assets/css/effect.css]
[naviri.co.id/public/vendor/assets/src/flashy.min.css]
[naviri.co.id/public/img/preloader.gif]
[naviri.co.id/public/uploads/logo.png]
[naviri.co.id/public/uploads/slider-1.png]
[www.naviri.co.id/portfolio.html]
[www.naviri.co.id/about.html]
[naviri.co.id/public/uploads/slider-2.jpg]
[naviri.co.id/public/uploads/slider-5.jpg]
[naviri.co.id/public/uploads/why-choose-main-photo.jpg]
[naviri.co.id/public/uploads/why-choose-item-bg.jpg]
[naviri.co.id/public/uploads/why-choose-1.png]
[naviri.co.id/public/uploads/why-choose-2.png]
[naviri.co.id/public/uploads/why-choose-3.png]
[naviri.co.id/public/uploads/why-choose-4.png]
[naviri.co.id/public/uploads/service-1.jpg]
[naviri.co.id/public/uploads/service-2.jpg]
[naviri.co.id/public/uploads/service-3.jpg]
[naviri.co.id/public/uploads/service-4.png]
[naviri.co.id/public/uploads/service-5.jpg]
[naviri.co.id/public/uploads/service-6.png]
[naviri.co.id/public/uploads/faq-main-photo.png]
[naviri.co.id/public/uploads/counter_bg.jpg]
[naviri.co.id/public/uploads/news-3.jpg]
[naviri.co.id/public/uploads/news-2.png]
[naviri.co.id/public/uploads/news-1.jpg]
[naviri.co.id/public/uploads/partner-1.jpg]
[naviri.co.id/public/uploads/partner-2.jpg]
[naviri.co.id/public/uploads/partner-8.jpg]
[naviri.co.id/public/uploads/partner-9.jpg]
[naviri.co.id/public/uploads/partner-10.jpg]
[naviri.co.id/public/uploads/footer_address_icon.png]
[naviri.co.id/public/uploads/footer_phone_icon.png]
[naviri.co.id/public/uploads/footer_working_hour_icon.png]
[naviri.co.id/public/img/logo-wingroup.png]
[naviri.co.id/public/js/jquery-2.2.4.min.js]
[naviri.co.id/public/js/bootstrap.min.js]
[naviri.co.id/public/js/bootstrap-datepicker.js]
[naviri.co.id/public/js/lightbox.min.js]
[naviri.co.id/public/js/owl.carousel.min.js]
[naviri.co.id/public/js/jquery.meanmenu.js]
[naviri.co.id/public/js/jquery.filterizr.min.js]
[naviri.co.id/public/js/waypoints.min.js]
[naviri.co.id/public/js/jquery.counterup.min.js]
[naviri.co.id/public/js/custom.js]
[naviri.co.id/public/js/venobox.min.js]
[naviri.co.id/public/vendor/assets/src/jquery.flashy.min.js]
[naviri.co.id/public/vendor/assets/js/main.js]
[www.naviri.co.id/index.html]
[fonts.googleapis.com/css2f08.css]
[naviri.co.id/public/uploads/banner_portfolio.jpg]
[naviri.co.id/public/uploads/portfolio-1.jpg]
[naviri.co.id/public/uploads/portfolio-2.jpg]
[naviri.co.id/public/uploads/portfolio-3.jpg]
[naviri.co.id/public/uploads/portfolio-4.jpg]
[naviri.co.id/public/uploads/portfolio-5.jpg]
[naviri.co.id/public/uploads/portfolio-6.jpg]
[naviri.co.id/public/uploads/portfolio-7.jpg]
[naviri.co.id/public/uploads/portfolio-8.jpg]
[naviri.co.id/public/uploads/portfolio-9.jpg]
[naviri.co.id/public/uploads/portfolio-10.jpg]
[naviri.co.id/public/uploads/portfolio-11.jpg]
[naviri.co.id/public/uploads/portfolio-12.jpg]
[naviri.co.id/public/uploads/portfolio-13.jpg]
[naviri.co.id/public/uploads/portfolio-14.jpg]
[naviri.co.id/public/uploads/portfolio-15.jpg]
[naviri.co.id/public/uploads/portfolio-16.jpg]
[naviri.co.id/public/uploads/portfolio-17.jpg]
[naviri.co.id/public/uploads/portfolio-18.jpg]
[naviri.co.id/public/uploads/portfolio-19.jpg]
[naviri.co.id/public/uploads/portfolio-22.jpg]
[naviri.co.id/public/uploads/portfolio-23.jpg]
[naviri.co.id/public/uploads/portfolio-24.jpg]
[naviri.co.id/public/uploads/portfolio-25.jpg]
[naviri.co.id/public/uploads/portfolio-26.jpg]
[naviri.co.id/public/uploads/portfolio-27.jpg]
[naviri.co.id/public/uploads/portfolio-28.jpg]
[naviri.co.id/public/uploads/portfolio-29.jpg]
[naviri.co.id/public/uploads/portfolio-30.png]
[www.naviri.co.id/portfolio.html]
[naviri.co.id/public/uploads/banner_about.jpg]
[naviri.co.id/public/img/about.jpg]
[www.naviri.co.id/about.html]
[naviri.co.id/public/img/struktur-organisasi.png]
[naviri.co.id/public/css/animate.min.css]
[naviri.co.id/public/fonts/glyphicons-halflings-regular.svg]
[naviri.co.id/public/css/bootstrap.min.css]
[naviri.co.id/public/css/datepicker3.css]
[naviri.co.id/public/css/font-awesome.min.css]
[naviri.co.id/public/fonts/fontawesome-webfont3e6e.svg]
[naviri.co.id/public/img/icon_png/close.png]
[naviri.co.id/public/img/icon_png/loading.gif]
[naviri.co.id/public/img/icon_png/prev.png]
[naviri.co.id/public/img/icon_png/next.png]
[naviri.co.id/public/css/lightbox.min.css]
[naviri.co.id/public/css/owl.video.play.png]
[naviri.co.id/public/css/owl.carousel.min.css]
[naviri.co.id/public/css/hover-min.css]
[naviri.co.id/public/css/meanmenu.css]
[naviri.co.id/public/css/spacing.css]
[naviri.co.id/public/css/style.css]
[naviri.co.id/public/css/responsive.css]
[naviri.co.id/public/css/venobox.css]
[naviri.co.id/public/vendor/assets/css/style.css]
[naviri.co.id/public/vendor/assets/css/effect.css]
[naviri.co.id/public/vendor/assets/src/flashy.min.css]
[www.naviri.co.id/portfolio.html]
[naviri.co.id/public/fonts/glyphicons-halflings-regular.svg]
[naviri.co.id/public/fonts/fontawesome-webfont3e6e.svg]
[naviri.co.id/public/css/owl.video.play.html]
